	Test:
		Metrics [TP, FP, TN, FN, SUP]: 	None: tensor([[121,  37,  40,  44, 165],
        [ 14,  43, 153,  32,  46],
        [  3,  19, 199,  21,  24],
        [  0,   0, 236,   6,   6],
        [ 17,  57, 139,  29,  46],
        [ 18,  31, 163,  30,  48],
        [120,   5,  27,  90, 210],
        [ 27,  41, 144,  30,  57]], device='cuda:0') 	Micro: tensor([ 320,  233, 1101,  282,  602], device='cuda:0') 	Macro: tensor([ 40.0000,  29.1250, 137.6250,  35.2500,  75.2500], device='cuda:0') 	Weighted: tensor([ 81.5050,  26.6379,  79.6113,  54.2458, 135.7508], device='cuda:0')
		Accuracy: 	None: tensor([0.6653, 0.6901, 0.8347, 0.9752, 0.6446, 0.7479, 0.6074, 0.7066],
       device='cuda:0') 	Micro: 0.7339876294136047 	Macro: 0.7339876294136047 	Weighted: 0.6657697558403015
		F1 Score: 	None: tensor([0.7492, 0.2718, 0.1304, 0.0000, 0.2833, 0.3711, 0.7164, 0.4320],
       device='cuda:0') 	Micro: 0.5541125535964966 	Macro: 0.3692988455295563 	Weighted: 0.5733839273452759
